[abdocenter.com/index.html]
[backblue.gif]
[fade.gif]
[index.html]
[abdocenter.com/images/5c8f5ac0b7ad23c110793ad1fcf4d3c8d41344d5.png]
[cdn.mypanel.link/css/font-awesome/css/all.min.css]
[cdn.jsdelivr.net/npm/remixicon@2.5.0/fonts/remixicon.css]
[cdnjs.cloudflare.com/ajax/libs/popper.js/1.12.2/umd/popper.min.js]
[abdocenter.com/services.html]
[abdocenter.com/faq.html]
[abdocenter.com/terms.html]
[abdocenter.com/api.html]
[abdocenter.com/signup.html]
[unpkg.com/wavesurfer.d.delayed]
[abdocenter.com/images/x8e2teldxfwxfuof_kzhick_gmmefm.png]
[abdocenter.com/images/man.png]
[abdocenter.com/resetpassword.html]
[abdocenter.com/images/section-1.png]
[abdocenter.com/images/section-2.png]
[www.google.com/recaptcha/api562e.js]
[abdocenter.com/images/payment-methods.png]
[cdnjs.cloudflare.com/ajax/libs/jquery/1.12.4/jquery.min.js]
[abdocenter.com/js/panel/cerulean/script.js]
[abdocenter.com/js/main.js]
[abdocenter.com/js/panel/cerulean/bootstrap.js]
[abdocenter.com/js/panel/cerulean/main.js]
[abdocenter.com/js/datepicker/js/bootstrap-datepicker.min.js]
[abdocenter.com/js/datepicker/locales/bootstrap-datepicker.tr.min.js]
[abdocenter.com/index.html]
[abdocenter.com/images/5c8f5ac0b7ad23c110793ad1fcf4d3c8d41344d5.html]
[abdocenter.com/css/panel/cerulean/bootstrap.css]
[cdn.pushalert.co/integrate_eda0a20844eebca311bcfe9e81831780.js]
[abdocenter.com/images/sidebar.png]
[abdocenter.com/images/main-dot.png]
[abdocenter.com/css/panel/cerulean/style.css]
[abdocenter.com/js/datepicker/css/bootstrap-datepicker3.min.css]
[cdn.mypanel.link/css/font-awesome/css/all.min.css]
[cdn.jsdelivr.net/npm/remixicon@2.5.0/fonts/remixicondf6d.eot]
[cdn.jsdelivr.net/npm/remixicon@2.5.0/fonts/remixicondf6d.woff2]
[cdn.jsdelivr.net/npm/remixicon@2.5.0/fonts/remixicondf6d.woff]
[cdn.jsdelivr.net/npm/remixicon@2.5.0/fonts/remixicondf6d.ttf]
[cdn.jsdelivr.net/npm/remixicon@2.5.0/fonts/remixicon.css]
[cdn.jsdelivr.net/npm/remixicon@2.5.0/fonts/remixicondf6d.svg]
[abdocenter.com/services.html]
[abdocenter.com/faq.html]
[abdocenter.com/terms.html]
[abdocenter.com/example.2b.delayed]
[abdocenter.com/api.html]
[abdocenter.com/images/register-circle.png]
[abdocenter.com/signup.html]
[abdocenter.com/resetpassword.html]
[abdocenter.com/images/cards.svg]
[abdocenter.com/images/world.svg]
[abdocenter.com/images/pattern.svg]
[abdocenter.com/images/main-dot.html]
[cdn.jsdelivr.net/npm/remixicon@2.5.0/fonts/remixicondf6d.svg]
[abdocenter.com/example.html]
[code.jquery.com/jquery-3.3.1.slim.min.js]
